[e2e 01 | +0.1s] static server on http://127.0.0.1:8931
[e2e 02 | +0.1s] launching Chromium with extension loaded from: /tmp/umd-extract/universal-media-downloader
[e2e 03 | +0.7s] extension service worker up: chrome-extension://bbblgnocbmbejiglmibdjhgpnpdhjmkc/background.js
[e2e 04 | +0.7s] download behavior set to 'allow' (keep suggested filenames)
[e2e 05 | +2.1s] clip.webm recorded via Chromium MediaRecorder (real VP8 video)
[e2e 06 | +3.3s] sample page opened: http://127.0.0.1:8931/
[e2e 07 | +4.0s] popup opened as a tab: chrome-extension://bbblgnocbmbejiglmibdjhgpnpdhjmkc/popup.html
[e2e 08 | +4.0s] popup state: {"info":"127.0.0.1","loadingHidden":true,"emptyHidden":true,"emptyH2":"No media found","cards":9}
[e2e 09 | +4.0s] popup scanned the page: 9 media cards rendered
[e2e 10 | +4.0s] scanner found: red, green, blue, lazy1, lazy2, clip, video-poster, tone, bg-art
[e2e 11 | +4.0s] media types: image, video, audio
[e2e 12 | +4.1s] clicked "Select all"
[e2e 13 | +4.4s] selected 9 items
[e2e 14 | +4.4s] clicked "Download"
[e2e 15 | +4.5s] download progress: 9/9 downloaded, failures: (none)
[e2e 16 | +6.0s] files on disk: bg-art.png, blue.png, clip.webm, green.png, lazy1.png, lazy2.png, red.png, tone.wav, video-poster.png
[e2e 17 | +6.0s] content signatures verified (PNG/EBML/RIFF magic bytes correct)
[e2e 18 | +6.0s] byte-identity verified: all 9 downloads match their source files exactly
[e2e 19 | +6.1s] evidence: e2e/popup.png
[e2e 20 | +6.2s] evidence: e2e/sample-page.png

[e2e PASS] extension installed, scanned media, selected, downloaded, verified on disk.

